// Jest Snapshot v1, https://goo.gl/fbAQLP

exports[`MoviePage should render correctly 1`] = `ShallowWrapper {}`;
