// Jest Snapshot v1, https://goo.gl/fbAQLP

exports[`MainLayout should render correctly 1`] = `ShallowWrapper {}`;
