// Jest Snapshot v1, https://goo.gl/fbAQLP

exports[`Select should render correctly 1`] = `ShallowWrapper {}`;
