// Jest Snapshot v1, https://goo.gl/fbAQLP

exports[`Movies should render correctly 1`] = `ReactWrapper {}`;
