// Jest Snapshot v1, https://goo.gl/fbAQLP

exports[`FilterHeaders should render correctly 1`] = `ShallowWrapper {}`;
