// Jest Snapshot v1, https://goo.gl/fbAQLP

exports[`Filters should render correctly 1`] = `ShallowWrapper {}`;
