// Jest Snapshot v1, https://goo.gl/fbAQLP

exports[`DoubleRange should render correctly 1`] = `ShallowWrapper {}`;
