// Jest Snapshot v1, https://goo.gl/fbAQLP

exports[`FiltersButtons should render correctly 1`] = `ShallowWrapper {}`;
