// Jest Snapshot v1, https://goo.gl/fbAQLP

exports[`OverviewDetails should render correctly 1`] = `ShallowWrapper {}`;
