// Jest Snapshot v1, https://goo.gl/fbAQLP

exports[`MainLoader test should render correctly 1`] = `ShallowWrapper {}`;

exports[`OverviewDetails should render correctly 1`] = `ShallowWrapper {}`;
