// Jest Snapshot v1, https://goo.gl/fbAQLP

exports[`FiltersRanges should render correctly 1`] = `ShallowWrapper {}`;
